// Jest Snapshot v1, https://jestjs.io/docs/snapshot-testing

exports[`[Cleanup pre-stage / G4.1] rate-limit contract inventory: every expressRateLimit({ ... }) configuration in src/index.js: expressRateLimit configurations 1`] = `
[
  {
    "binding": "billingUsageRateLimit",
    "configHead": [
      "const billingUsageRateLimit = expressRateLimit({",
      "windowMs: 60000,",
      "max: process.env.NODE_ENV === 'test' ? 1000 : 30,",
      "standardHeaders: true,",
      "legacyHeaders: false,",
      "message: { error: 'Rate limit exceeded', retryAfterSeconds: 60 },",
      "skip: () => process.env.NODE_ENV === 'test', // Skip in test mode",
      "});",
    ],
    "line": 2206,
  },
  {
    "binding": "dashboardSpaRateLimit",
    "configHead": [
      "const dashboardSpaRateLimit = expressRateLimit({",
      "windowMs: 60000,",
      "max: process.env.NODE_ENV === 'test' ? 1000 : 60,",
      "standardHeaders: true,",
      "legacyHeaders: false,",
      "skip: () => process.env.NODE_ENV === 'test',",
      "message: { error: 'Rate limit exceeded', retryAfterSeconds: 60 },",
      "});",
    ],
    "line": 2216,
  },
]
`;

exports[`[Cleanup pre-stage / G4.1] rate-limit contract snapshot: 429 response envelope from express-rate-limit (the contract M4 must preserve): 429 envelope 1`] = `
{
  "bodyShape": {
    "errorValue": "Rate limit exceeded",
    "hasError": true,
    "hasRetryAfterSeconds": true,
    "keys": [
      "error",
      "retryAfterSeconds",
    ],
  },
  "headerPresence": {
    "ratelimit-limit": true,
    "ratelimit-remaining": true,
    "ratelimit-reset": true,
    "retry-after": true,
    "x-ratelimit-limit": false,
    "x-ratelimit-remaining": false,
  },
  "status": 429,
}
`;

exports[`[Cleanup pre-stage / G4.1] rate-limit contract snapshot: RATE_LIMIT_EXEMPT_PATHS list: RATE_LIMIT_EXEMPT_PATHS source block 1`] = `
"const RATE_LIMIT_EXEMPT_PATHS = [
  '/api/v1/auth/me',
  '/api/v1/auth/debug',
  '/api/v1/auth/logout',
  '/api/v1/dashboard/metrics',
  '/api/v1/oauth/status',
  '/api/v1/ws',
  '/health',
  '/ping',
  '/dashboard/',
];"
`;

exports[`[Cleanup pre-stage / G4.1] rate-limit contract snapshot: bespoke rateLimit() factory body: rateLimit() factory source 1`] = `
"function rateLimit(
  windowMs = 60_000,
  maxRequests = process.env.NODE_ENV === 'test' ? 1000 : 60,
  namespace = 'default',
) {
  return (req, res, next) => {
    if (isRateLimitExempt(req)) return next();
    const result = rateLimitStore.consume(\`\${namespace}:\${req.ip}\`, maxRequests, windowMs);
    if (!result.allowed) {
      res.set('Retry-After', String(result.retryAfterSec));
      return res.status(429).json({
        error: 'Rate limit exceeded',
        retryAfterSeconds: result.retryAfterSec,
      });
    }
    res.set('X-RateLimit-Limit', String(maxRequests));
    res.set('X-RateLimit-Remaining', String(result.remaining));
    next();
  };
}"
`;

exports[`[Cleanup pre-stage / G4.1] rate-limit contract snapshot: store-backed global rate-limit middleware (post-T4.6): store-backed global limiter source 1`] = `
{
  "body": "// M4-T4.6: store-backed global rate-limit middleware.
// Pre-T4.6 this used a bespoke \`globalRateLimitMap\` (sliding-log
// timestamps per IP) plus an hourly \`rateLimitCleanupInterval\`.
// Post-T4.6 the same per-IP and per-bearer ceilings are enforced
// via the M4 \`RateLimitStore\` (fixed-window, atomic on SQLite,
// driver GC handled internally — no orphan timer in src/index.js).
// HTTP envelopes (status 429, Retry-After header, body shapes) are
// preserved bit-for-bit so the dashboard's retry banner is unaffected.
app.use((req, res, next) => {
  if (isRateLimitExempt(req)) return next();

  const hasBearer =
    req.headers.authorization?.startsWith('Bearer ') ||
    req.query.token ||
    req.query.api_key;

  if (hasBearer) {
    const bearerMax = process.env.NODE_ENV === 'test' ? 5000 : 600; // 600 req/min for API tokens
    const result = rateLimitStore.consume(\`bearer:\${req.ip}\`, bearerMax, 60_000);
    if (!result.allowed) {
      res.set('Retry-After', String(result.retryAfterSec));
      return res.status(429).json({ error: 'API rate limit exceeded', retryAfter: 60 });
    }
    return next();
  }

  const globalMax = process.env.NODE_ENV === 'test' ? 1000 : 120; // 120 req/min default
  const result = rateLimitStore.consume(\`global:\${req.ip}\`, globalMax, 60_000);
  if (!result.allowed) {
    res.set('Retry-After', String(result.retryAfterSec));
    return res.status(429).json({
      error: 'Rate limit exceeded',
      retryAfter: result.retryAfterSec,
    });
  }
  next();
});

const secureCookie = process.env.SESSION_COOKIE_SECURE
  ? String(process.env.SESSION_COOKIE_SECURE).toLowerCase() === 'true'
  : isProd;

// Allocate the SQLite handle for the session driver iff we are NOT
// in test mode and NOT on the legacy Mongo path. The factory below
// branches on the same env vars and returns a memory driver in",
  "startLine": 1119,
}
`;
