// Jest Snapshot v1, https://jestjs.io/docs/snapshot-testing

exports[`[Cleanup Stage 0 / G0.2] middleware chain snapshot snapshot: app-level settings pinned for the cleanup window: app-level settings 1`] = `
{
  "case sensitive routing": undefined,
  "etag": "weak",
  "json escape": undefined,
  "strict routing": undefined,
  "trust proxy": [
    "loopback",
  ],
  "x-powered-by": true,
}
`;

exports[`[Cleanup Stage 0 / G0.2] middleware chain snapshot snapshot: middleware-only filter (route layers stripped): middleware-only chain (no leaf routes) 1`] = `
[
  {
    "arity": 3,
    "kind": "middleware",
    "name": "requestContextMiddleware",
    "slash": true,
    "srcIdx": 0,
  },
  {
    "arity": 3,
    "kind": "middleware",
    "name": "<anonymous>",
    "slash": true,
    "srcIdx": 1,
  },
  {
    "arity": 3,
    "kind": "middleware",
    "name": "helmetMiddleware",
    "slash": true,
    "srcIdx": 2,
  },
  {
    "arity": 3,
    "kind": "middleware",
    "name": "<anonymous>",
    "slash": true,
    "srcIdx": 3,
  },
  {
    "arity": 3,
    "kind": "middleware",
    "name": "<anonymous>",
    "slash": false,
    "srcIdx": 4,
  },
  {
    "arity": 3,
    "kind": "middleware",
    "name": "corsMiddleware",
    "slash": true,
    "srcIdx": 5,
  },
  {
    "arity": 3,
    "kind": "middleware",
    "name": "jsonParser",
    "slash": true,
    "srcIdx": 7,
  },
  {
    "arity": 3,
    "kind": "middleware",
    "name": "<anonymous>",
    "slash": true,
    "srcIdx": 8,
  },
  {
    "arity": 3,
    "kind": "middleware",
    "name": "session",
    "slash": true,
    "srcIdx": 9,
  },
  {
    "arity": 3,
    "kind": "middleware",
    "name": "<anonymous>",
    "slash": true,
    "srcIdx": 10,
  },
  {
    "arity": 3,
    "kind": "middleware",
    "name": "<anonymous>",
    "slash": true,
    "srcIdx": 16,
  },
  {
    "arity": 3,
    "kind": "middleware",
    "name": "<anonymous>",
    "slash": true,
    "srcIdx": 17,
  },
  {
    "arity": 3,
    "kind": "middleware",
    "name": "serveStatic",
    "slash": false,
    "srcIdx": 18,
  },
  {
    "arity": 3,
    "kind": "middleware",
    "name": "<anonymous>",
    "slash": false,
    "srcIdx": 19,
  },
  {
    "arity": 3,
    "kind": "middleware",
    "name": "serveStatic",
    "slash": true,
    "srcIdx": 20,
  },
  {
    "arity": 3,
    "kind": "middleware",
    "name": "serveStatic",
    "slash": false,
    "srcIdx": 21,
  },
  {
    "arity": 3,
    "kind": "router",
    "name": "router",
    "slash": false,
    "srcIdx": 25,
  },
  {
    "arity": 3,
    "kind": "router",
    "name": "router",
    "slash": false,
    "srcIdx": 41,
  },
  {
    "arity": 3,
    "kind": "middleware",
    "name": "authenticate",
    "slash": false,
    "srcIdx": 46,
  },
  {
    "arity": 3,
    "kind": "router",
    "name": "router",
    "slash": false,
    "srcIdx": 47,
  },
  {
    "arity": 3,
    "kind": "middleware",
    "name": "authenticate",
    "slash": false,
    "srcIdx": 48,
  },
  {
    "arity": 3,
    "kind": "router",
    "name": "router",
    "slash": false,
    "srcIdx": 49,
  },
  {
    "arity": 3,
    "kind": "router",
    "name": "router",
    "slash": false,
    "srcIdx": 50,
  },
  {
    "arity": 3,
    "kind": "middleware",
    "name": "authenticate",
    "slash": false,
    "srcIdx": 52,
  },
  {
    "arity": 3,
    "kind": "router",
    "name": "router",
    "slash": false,
    "srcIdx": 53,
  },
  {
    "arity": 3,
    "kind": "middleware",
    "name": "authenticate",
    "slash": false,
    "srcIdx": 54,
  },
  {
    "arity": 3,
    "kind": "router",
    "name": "router",
    "slash": false,
    "srcIdx": 55,
  },
  {
    "arity": 3,
    "kind": "middleware",
    "name": "authenticate",
    "slash": false,
    "srcIdx": 56,
  },
  {
    "arity": 3,
    "kind": "router",
    "name": "router",
    "slash": false,
    "srcIdx": 57,
  },
  {
    "arity": 3,
    "kind": "middleware",
    "name": "authenticate",
    "slash": false,
    "srcIdx": 58,
  },
  {
    "arity": 3,
    "kind": "router",
    "name": "router",
    "slash": false,
    "srcIdx": 59,
  },
  {
    "arity": 3,
    "kind": "middleware",
    "name": "authenticate",
    "slash": false,
    "srcIdx": 60,
  },
  {
    "arity": 3,
    "kind": "router",
    "name": "router",
    "slash": false,
    "srcIdx": 61,
  },
  {
    "arity": 3,
    "kind": "middleware",
    "name": "authenticate",
    "slash": false,
    "srcIdx": 62,
  },
  {
    "arity": 3,
    "kind": "router",
    "name": "router",
    "slash": false,
    "srcIdx": 63,
  },
  {
    "arity": 3,
    "kind": "router",
    "name": "router",
    "slash": false,
    "srcIdx": 64,
  },
  {
    "arity": 3,
    "kind": "middleware",
    "name": "authenticate",
    "slash": false,
    "srcIdx": 66,
  },
  {
    "arity": 3,
    "kind": "middleware",
    "name": "<anonymous>",
    "slash": false,
    "srcIdx": 67,
  },
  {
    "arity": 3,
    "kind": "router",
    "name": "router",
    "slash": false,
    "srcIdx": 68,
  },
  {
    "arity": 3,
    "kind": "middleware",
    "name": "authenticate",
    "slash": false,
    "srcIdx": 69,
  },
  {
    "arity": 3,
    "kind": "router",
    "name": "router",
    "slash": false,
    "srcIdx": 70,
  },
  {
    "arity": 3,
    "kind": "middleware",
    "name": "authenticate",
    "slash": false,
    "srcIdx": 71,
  },
  {
    "arity": 3,
    "kind": "router",
    "name": "router",
    "slash": false,
    "srcIdx": 72,
  },
  {
    "arity": 3,
    "kind": "middleware",
    "name": "authenticate",
    "slash": false,
    "srcIdx": 73,
  },
  {
    "arity": 3,
    "kind": "router",
    "name": "router",
    "slash": false,
    "srcIdx": 74,
  },
  {
    "arity": 3,
    "kind": "middleware",
    "name": "authenticate",
    "slash": false,
    "srcIdx": 75,
  },
  {
    "arity": 3,
    "kind": "router",
    "name": "router",
    "slash": false,
    "srcIdx": 76,
  },
  {
    "arity": 3,
    "kind": "router",
    "name": "router",
    "slash": false,
    "srcIdx": 77,
  },
  {
    "arity": 3,
    "kind": "middleware",
    "name": "authenticate",
    "slash": false,
    "srcIdx": 78,
  },
  {
    "arity": 3,
    "kind": "router",
    "name": "router",
    "slash": false,
    "srcIdx": 79,
  },
  {
    "arity": 3,
    "kind": "middleware",
    "name": "authenticate",
    "slash": false,
    "srcIdx": 82,
  },
  {
    "arity": 3,
    "kind": "router",
    "name": "router",
    "slash": false,
    "srcIdx": 83,
  },
  {
    "arity": 3,
    "kind": "middleware",
    "name": "authenticate",
    "slash": false,
    "srcIdx": 86,
  },
  {
    "arity": 3,
    "kind": "middleware",
    "name": "extractWorkspaceContext",
    "slash": false,
    "srcIdx": 87,
  },
  {
    "arity": 3,
    "kind": "middleware",
    "name": "enforceMultiTenancy",
    "slash": false,
    "srcIdx": 88,
  },
  {
    "arity": 3,
    "kind": "middleware",
    "name": "<anonymous>",
    "slash": false,
    "srcIdx": 89,
  },
  {
    "arity": 3,
    "kind": "middleware",
    "name": "authenticate",
    "slash": false,
    "srcIdx": 91,
  },
  {
    "arity": 3,
    "kind": "router",
    "name": "router",
    "slash": false,
    "srcIdx": 92,
  },
  {
    "arity": 3,
    "kind": "middleware",
    "name": "authenticate",
    "slash": false,
    "srcIdx": 179,
  },
  {
    "arity": 3,
    "kind": "router",
    "name": "router",
    "slash": false,
    "srcIdx": 180,
  },
  {
    "arity": 3,
    "kind": "middleware",
    "name": "<anonymous>",
    "slash": false,
    "srcIdx": 265,
  },
  {
    "arity": 3,
    "kind": "middleware",
    "name": "<anonymous>",
    "slash": false,
    "srcIdx": 266,
  },
  {
    "arity": 4,
    "kind": "middleware",
    "name": "<anonymous>",
    "slash": true,
    "srcIdx": 267,
  },
  {
    "arity": 3,
    "kind": "middleware",
    "name": "<anonymous>",
    "slash": true,
    "srcIdx": 268,
  },
  {
    "arity": 2,
    "kind": "middleware",
    "name": "<anonymous>",
    "slash": true,
    "srcIdx": 269,
  },
  {
    "arity": 4,
    "kind": "middleware",
    "name": "<anonymous>",
    "slash": true,
    "srcIdx": 270,
  },
]
`;

exports[`[Cleanup Stage 0 / G0.2] middleware chain snapshot snapshot: ordered middleware chain: ordered middleware chain 1`] = `
[
  {
    "arity": 3,
    "hasRoute": false,
    "idx": 0,
    "kind": "middleware",
    "name": "requestContextMiddleware",
    "slash": true,
  },
  {
    "arity": 3,
    "hasRoute": false,
    "idx": 1,
    "kind": "middleware",
    "name": "<anonymous>",
    "slash": true,
  },
  {
    "arity": 3,
    "hasRoute": false,
    "idx": 2,
    "kind": "middleware",
    "name": "helmetMiddleware",
    "slash": true,
  },
  {
    "arity": 3,
    "hasRoute": false,
    "idx": 3,
    "kind": "middleware",
    "name": "<anonymous>",
    "slash": true,
  },
  {
    "arity": 3,
    "hasRoute": false,
    "idx": 4,
    "kind": "middleware",
    "name": "<anonymous>",
    "slash": false,
  },
  {
    "arity": 3,
    "hasRoute": false,
    "idx": 5,
    "kind": "middleware",
    "name": "corsMiddleware",
    "slash": true,
  },
  {
    "arity": 3,
    "hasRoute": true,
    "idx": 6,
    "kind": "middleware",
    "name": "handle",
    "slash": false,
  },
  {
    "arity": 3,
    "hasRoute": false,
    "idx": 7,
    "kind": "middleware",
    "name": "jsonParser",
    "slash": true,
  },
  {
    "arity": 3,
    "hasRoute": false,
    "idx": 8,
    "kind": "middleware",
    "name": "<anonymous>",
    "slash": true,
  },
  {
    "arity": 3,
    "hasRoute": false,
    "idx": 9,
    "kind": "middleware",
    "name": "session",
    "slash": true,
  },
  {
    "arity": 3,
    "hasRoute": false,
    "idx": 10,
    "kind": "middleware",
    "name": "<anonymous>",
    "slash": true,
  },
  {
    "arity": 3,
    "hasRoute": true,
    "idx": 11,
    "kind": "middleware",
    "name": "handle",
    "slash": false,
  },
  {
    "arity": 3,
    "hasRoute": true,
    "idx": 12,
    "kind": "middleware",
    "name": "handle",
    "slash": false,
  },
  {
    "arity": 3,
    "hasRoute": true,
    "idx": 13,
    "kind": "middleware",
    "name": "handle",
    "slash": false,
  },
  {
    "arity": 3,
    "hasRoute": true,
    "idx": 14,
    "kind": "middleware",
    "name": "handle",
    "slash": false,
  },
  {
    "arity": 3,
    "hasRoute": true,
    "idx": 15,
    "kind": "middleware",
    "name": "handle",
    "slash": false,
  },
  {
    "arity": 3,
    "hasRoute": false,
    "idx": 16,
    "kind": "middleware",
    "name": "<anonymous>",
    "slash": true,
  },
  {
    "arity": 3,
    "hasRoute": false,
    "idx": 17,
    "kind": "middleware",
    "name": "<anonymous>",
    "slash": true,
  },
  {
    "arity": 3,
    "hasRoute": false,
    "idx": 18,
    "kind": "middleware",
    "name": "serveStatic",
    "slash": false,
  },
  {
    "arity": 3,
    "hasRoute": false,
    "idx": 19,
    "kind": "middleware",
    "name": "<anonymous>",
    "slash": false,
  },
  {
    "arity": 3,
    "hasRoute": false,
    "idx": 20,
    "kind": "middleware",
    "name": "serveStatic",
    "slash": true,
  },
  {
    "arity": 3,
    "hasRoute": false,
    "idx": 21,
    "kind": "middleware",
    "name": "serveStatic",
    "slash": false,
  },
  {
    "arity": 3,
    "hasRoute": true,
    "idx": 22,
    "kind": "middleware",
    "name": "handle",
    "slash": false,
  },
  {
    "arity": 3,
    "hasRoute": true,
    "idx": 23,
    "kind": "middleware",
    "name": "handle",
    "slash": false,
  },
  {
    "arity": 3,
    "hasRoute": true,
    "idx": 24,
    "kind": "middleware",
    "name": "handle",
    "slash": false,
  },
  {
    "arity": 3,
    "hasRoute": false,
    "idx": 25,
    "kind": "router",
    "name": "router",
    "slash": false,
  },
  {
    "arity": 3,
    "hasRoute": true,
    "idx": 26,
    "kind": "middleware",
    "name": "handle",
    "slash": false,
  },
  {
    "arity": 3,
    "hasRoute": true,
    "idx": 27,
    "kind": "middleware",
    "name": "handle",
    "slash": false,
  },
  {
    "arity": 3,
    "hasRoute": true,
    "idx": 28,
    "kind": "middleware",
    "name": "handle",
    "slash": false,
  },
  {
    "arity": 3,
    "hasRoute": true,
    "idx": 29,
    "kind": "middleware",
    "name": "handle",
    "slash": false,
  },
  {
    "arity": 3,
    "hasRoute": true,
    "idx": 30,
    "kind": "middleware",
    "name": "handle",
    "slash": false,
  },
  {
    "arity": 3,
    "hasRoute": true,
    "idx": 31,
    "kind": "middleware",
    "name": "handle",
    "slash": false,
  },
  {
    "arity": 3,
    "hasRoute": true,
    "idx": 32,
    "kind": "middleware",
    "name": "handle",
    "slash": false,
  },
  {
    "arity": 3,
    "hasRoute": true,
    "idx": 33,
    "kind": "middleware",
    "name": "handle",
    "slash": false,
  },
  {
    "arity": 3,
    "hasRoute": true,
    "idx": 34,
    "kind": "middleware",
    "name": "handle",
    "slash": false,
  },
  {
    "arity": 3,
    "hasRoute": true,
    "idx": 35,
    "kind": "middleware",
    "name": "handle",
    "slash": false,
  },
  {
    "arity": 3,
    "hasRoute": true,
    "idx": 36,
    "kind": "middleware",
    "name": "handle",
    "slash": false,
  },
  {
    "arity": 3,
    "hasRoute": true,
    "idx": 37,
    "kind": "middleware",
    "name": "handle",
    "slash": false,
  },
  {
    "arity": 3,
    "hasRoute": true,
    "idx": 38,
    "kind": "middleware",
    "name": "handle",
    "slash": false,
  },
  {
    "arity": 3,
    "hasRoute": true,
    "idx": 39,
    "kind": "middleware",
    "name": "handle",
    "slash": false,
  },
  {
    "arity": 3,
    "hasRoute": true,
    "idx": 40,
    "kind": "middleware",
    "name": "handle",
    "slash": false,
  },
  {
    "arity": 3,
    "hasRoute": false,
    "idx": 41,
    "kind": "router",
    "name": "router",
    "slash": false,
  },
  {
    "arity": 3,
    "hasRoute": true,
    "idx": 42,
    "kind": "middleware",
    "name": "handle",
    "slash": false,
  },
  {
    "arity": 3,
    "hasRoute": true,
    "idx": 43,
    "kind": "middleware",
    "name": "handle",
    "slash": false,
  },
  {
    "arity": 3,
    "hasRoute": true,
    "idx": 44,
    "kind": "middleware",
    "name": "handle",
    "slash": false,
  },
  {
    "arity": 3,
    "hasRoute": true,
    "idx": 45,
    "kind": "middleware",
    "name": "handle",
    "slash": false,
  },
  {
    "arity": 3,
    "hasRoute": false,
    "idx": 46,
    "kind": "middleware",
    "name": "authenticate",
    "slash": false,
  },
  {
    "arity": 3,
    "hasRoute": false,
    "idx": 47,
    "kind": "router",
    "name": "router",
    "slash": false,
  },
  {
    "arity": 3,
    "hasRoute": false,
    "idx": 48,
    "kind": "middleware",
    "name": "authenticate",
    "slash": false,
  },
  {
    "arity": 3,
    "hasRoute": false,
    "idx": 49,
    "kind": "router",
    "name": "router",
    "slash": false,
  },
  {
    "arity": 3,
    "hasRoute": false,
    "idx": 50,
    "kind": "router",
    "name": "router",
    "slash": false,
  },
  {
    "arity": 3,
    "hasRoute": true,
    "idx": 51,
    "kind": "middleware",
    "name": "handle",
    "slash": false,
  },
  {
    "arity": 3,
    "hasRoute": false,
    "idx": 52,
    "kind": "middleware",
    "name": "authenticate",
    "slash": false,
  },
  {
    "arity": 3,
    "hasRoute": false,
    "idx": 53,
    "kind": "router",
    "name": "router",
    "slash": false,
  },
  {
    "arity": 3,
    "hasRoute": false,
    "idx": 54,
    "kind": "middleware",
    "name": "authenticate",
    "slash": false,
  },
  {
    "arity": 3,
    "hasRoute": false,
    "idx": 55,
    "kind": "router",
    "name": "router",
    "slash": false,
  },
  {
    "arity": 3,
    "hasRoute": false,
    "idx": 56,
    "kind": "middleware",
    "name": "authenticate",
    "slash": false,
  },
  {
    "arity": 3,
    "hasRoute": false,
    "idx": 57,
    "kind": "router",
    "name": "router",
    "slash": false,
  },
  {
    "arity": 3,
    "hasRoute": false,
    "idx": 58,
    "kind": "middleware",
    "name": "authenticate",
    "slash": false,
  },
  {
    "arity": 3,
    "hasRoute": false,
    "idx": 59,
    "kind": "router",
    "name": "router",
    "slash": false,
  },
  {
    "arity": 3,
    "hasRoute": false,
    "idx": 60,
    "kind": "middleware",
    "name": "authenticate",
    "slash": false,
  },
  {
    "arity": 3,
    "hasRoute": false,
    "idx": 61,
    "kind": "router",
    "name": "router",
    "slash": false,
  },
  {
    "arity": 3,
    "hasRoute": false,
    "idx": 62,
    "kind": "middleware",
    "name": "authenticate",
    "slash": false,
  },
  {
    "arity": 3,
    "hasRoute": false,
    "idx": 63,
    "kind": "router",
    "name": "router",
    "slash": false,
  },
  {
    "arity": 3,
    "hasRoute": false,
    "idx": 64,
    "kind": "router",
    "name": "router",
    "slash": false,
  },
  {
    "arity": 3,
    "hasRoute": true,
    "idx": 65,
    "kind": "middleware",
    "name": "handle",
    "slash": false,
  },
  {
    "arity": 3,
    "hasRoute": false,
    "idx": 66,
    "kind": "middleware",
    "name": "authenticate",
    "slash": false,
  },
  {
    "arity": 3,
    "hasRoute": false,
    "idx": 67,
    "kind": "middleware",
    "name": "<anonymous>",
    "slash": false,
  },
  {
    "arity": 3,
    "hasRoute": false,
    "idx": 68,
    "kind": "router",
    "name": "router",
    "slash": false,
  },
  {
    "arity": 3,
    "hasRoute": false,
    "idx": 69,
    "kind": "middleware",
    "name": "authenticate",
    "slash": false,
  },
  {
    "arity": 3,
    "hasRoute": false,
    "idx": 70,
    "kind": "router",
    "name": "router",
    "slash": false,
  },
  {
    "arity": 3,
    "hasRoute": false,
    "idx": 71,
    "kind": "middleware",
    "name": "authenticate",
    "slash": false,
  },
  {
    "arity": 3,
    "hasRoute": false,
    "idx": 72,
    "kind": "router",
    "name": "router",
    "slash": false,
  },
  {
    "arity": 3,
    "hasRoute": false,
    "idx": 73,
    "kind": "middleware",
    "name": "authenticate",
    "slash": false,
  },
  {
    "arity": 3,
    "hasRoute": false,
    "idx": 74,
    "kind": "router",
    "name": "router",
    "slash": false,
  },
  {
    "arity": 3,
    "hasRoute": false,
    "idx": 75,
    "kind": "middleware",
    "name": "authenticate",
    "slash": false,
  },
  {
    "arity": 3,
    "hasRoute": false,
    "idx": 76,
    "kind": "router",
    "name": "router",
    "slash": false,
  },
  {
    "arity": 3,
    "hasRoute": false,
    "idx": 77,
    "kind": "router",
    "name": "router",
    "slash": false,
  },
  {
    "arity": 3,
    "hasRoute": false,
    "idx": 78,
    "kind": "middleware",
    "name": "authenticate",
    "slash": false,
  },
  {
    "arity": 3,
    "hasRoute": false,
    "idx": 79,
    "kind": "router",
    "name": "router",
    "slash": false,
  },
  {
    "arity": 3,
    "hasRoute": true,
    "idx": 80,
    "kind": "middleware",
    "name": "handle",
    "slash": false,
  },
  {
    "arity": 3,
    "hasRoute": true,
    "idx": 81,
    "kind": "middleware",
    "name": "handle",
    "slash": false,
  },
  {
    "arity": 3,
    "hasRoute": false,
    "idx": 82,
    "kind": "middleware",
    "name": "authenticate",
    "slash": false,
  },
  {
    "arity": 3,
    "hasRoute": false,
    "idx": 83,
    "kind": "router",
    "name": "router",
    "slash": false,
  },
  {
    "arity": 3,
    "hasRoute": true,
    "idx": 84,
    "kind": "middleware",
    "name": "handle",
    "slash": false,
  },
  {
    "arity": 3,
    "hasRoute": true,
    "idx": 85,
    "kind": "middleware",
    "name": "handle",
    "slash": false,
  },
  {
    "arity": 3,
    "hasRoute": false,
    "idx": 86,
    "kind": "middleware",
    "name": "authenticate",
    "slash": false,
  },
  {
    "arity": 3,
    "hasRoute": false,
    "idx": 87,
    "kind": "middleware",
    "name": "extractWorkspaceContext",
    "slash": false,
  },
  {
    "arity": 3,
    "hasRoute": false,
    "idx": 88,
    "kind": "middleware",
    "name": "enforceMultiTenancy",
    "slash": false,
  },
  {
    "arity": 3,
    "hasRoute": false,
    "idx": 89,
    "kind": "middleware",
    "name": "<anonymous>",
    "slash": false,
  },
  {
    "arity": 3,
    "hasRoute": true,
    "idx": 90,
    "kind": "middleware",
    "name": "handle",
    "slash": false,
  },
  {
    "arity": 3,
    "hasRoute": false,
    "idx": 91,
    "kind": "middleware",
    "name": "authenticate",
    "slash": false,
  },
  {
    "arity": 3,
    "hasRoute": false,
    "idx": 92,
    "kind": "router",
    "name": "router",
    "slash": false,
  },
  {
    "arity": 3,
    "hasRoute": true,
    "idx": 93,
    "kind": "middleware",
    "name": "handle",
    "slash": false,
  },
  {
    "arity": 3,
    "hasRoute": true,
    "idx": 94,
    "kind": "middleware",
    "name": "handle",
    "slash": false,
  },
  {
    "arity": 3,
    "hasRoute": true,
    "idx": 95,
    "kind": "middleware",
    "name": "handle",
    "slash": false,
  },
  {
    "arity": 3,
    "hasRoute": true,
    "idx": 96,
    "kind": "middleware",
    "name": "handle",
    "slash": false,
  },
  {
    "arity": 3,
    "hasRoute": true,
    "idx": 97,
    "kind": "middleware",
    "name": "handle",
    "slash": false,
  },
  {
    "arity": 3,
    "hasRoute": true,
    "idx": 98,
    "kind": "middleware",
    "name": "handle",
    "slash": false,
  },
  {
    "arity": 3,
    "hasRoute": true,
    "idx": 99,
    "kind": "middleware",
    "name": "handle",
    "slash": false,
  },
  {
    "arity": 3,
    "hasRoute": true,
    "idx": 100,
    "kind": "middleware",
    "name": "handle",
    "slash": false,
  },
  {
    "arity": 3,
    "hasRoute": true,
    "idx": 101,
    "kind": "middleware",
    "name": "handle",
    "slash": false,
  },
  {
    "arity": 3,
    "hasRoute": true,
    "idx": 102,
    "kind": "middleware",
    "name": "handle",
    "slash": false,
  },
  {
    "arity": 3,
    "hasRoute": true,
    "idx": 103,
    "kind": "middleware",
    "name": "handle",
    "slash": false,
  },
  {
    "arity": 3,
    "hasRoute": true,
    "idx": 104,
    "kind": "middleware",
    "name": "handle",
    "slash": false,
  },
  {
    "arity": 3,
    "hasRoute": true,
    "idx": 105,
    "kind": "middleware",
    "name": "handle",
    "slash": false,
  },
  {
    "arity": 3,
    "hasRoute": true,
    "idx": 106,
    "kind": "middleware",
    "name": "handle",
    "slash": false,
  },
  {
    "arity": 3,
    "hasRoute": true,
    "idx": 107,
    "kind": "middleware",
    "name": "handle",
    "slash": false,
  },
  {
    "arity": 3,
    "hasRoute": true,
    "idx": 108,
    "kind": "middleware",
    "name": "handle",
    "slash": false,
  },
  {
    "arity": 3,
    "hasRoute": true,
    "idx": 109,
    "kind": "middleware",
    "name": "handle",
    "slash": false,
  },
  {
    "arity": 3,
    "hasRoute": true,
    "idx": 110,
    "kind": "middleware",
    "name": "handle",
    "slash": false,
  },
  {
    "arity": 3,
    "hasRoute": true,
    "idx": 111,
    "kind": "middleware",
    "name": "handle",
    "slash": false,
  },
  {
    "arity": 3,
    "hasRoute": true,
    "idx": 112,
    "kind": "middleware",
    "name": "handle",
    "slash": false,
  },
  {
    "arity": 3,
    "hasRoute": true,
    "idx": 113,
    "kind": "middleware",
    "name": "handle",
    "slash": false,
  },
  {
    "arity": 3,
    "hasRoute": true,
    "idx": 114,
    "kind": "middleware",
    "name": "handle",
    "slash": false,
  },
  {
    "arity": 3,
    "hasRoute": true,
    "idx": 115,
    "kind": "middleware",
    "name": "handle",
    "slash": false,
  },
  {
    "arity": 3,
    "hasRoute": true,
    "idx": 116,
    "kind": "middleware",
    "name": "handle",
    "slash": false,
  },
  {
    "arity": 3,
    "hasRoute": true,
    "idx": 117,
    "kind": "middleware",
    "name": "handle",
    "slash": false,
  },
  {
    "arity": 3,
    "hasRoute": true,
    "idx": 118,
    "kind": "middleware",
    "name": "handle",
    "slash": false,
  },
  {
    "arity": 3,
    "hasRoute": true,
    "idx": 119,
    "kind": "middleware",
    "name": "handle",
    "slash": false,
  },
  {
    "arity": 3,
    "hasRoute": true,
    "idx": 120,
    "kind": "middleware",
    "name": "handle",
    "slash": false,
  },
  {
    "arity": 3,
    "hasRoute": true,
    "idx": 121,
    "kind": "middleware",
    "name": "handle",
    "slash": false,
  },
  {
    "arity": 3,
    "hasRoute": true,
    "idx": 122,
    "kind": "middleware",
    "name": "handle",
    "slash": false,
  },
  {
    "arity": 3,
    "hasRoute": true,
    "idx": 123,
    "kind": "middleware",
    "name": "handle",
    "slash": false,
  },
  {
    "arity": 3,
    "hasRoute": true,
    "idx": 124,
    "kind": "middleware",
    "name": "handle",
    "slash": false,
  },
  {
    "arity": 3,
    "hasRoute": true,
    "idx": 125,
    "kind": "middleware",
    "name": "handle",
    "slash": false,
  },
  {
    "arity": 3,
    "hasRoute": true,
    "idx": 126,
    "kind": "middleware",
    "name": "handle",
    "slash": false,
  },
  {
    "arity": 3,
    "hasRoute": true,
    "idx": 127,
    "kind": "middleware",
    "name": "handle",
    "slash": false,
  },
  {
    "arity": 3,
    "hasRoute": true,
    "idx": 128,
    "kind": "middleware",
    "name": "handle",
    "slash": false,
  },
  {
    "arity": 3,
    "hasRoute": true,
    "idx": 129,
    "kind": "middleware",
    "name": "handle",
    "slash": false,
  },
  {
    "arity": 3,
    "hasRoute": true,
    "idx": 130,
    "kind": "middleware",
    "name": "handle",
    "slash": false,
  },
  {
    "arity": 3,
    "hasRoute": true,
    "idx": 131,
    "kind": "middleware",
    "name": "handle",
    "slash": false,
  },
  {
    "arity": 3,
    "hasRoute": true,
    "idx": 132,
    "kind": "middleware",
    "name": "handle",
    "slash": false,
  },
  {
    "arity": 3,
    "hasRoute": true,
    "idx": 133,
    "kind": "middleware",
    "name": "handle",
    "slash": false,
  },
  {
    "arity": 3,
    "hasRoute": true,
    "idx": 134,
    "kind": "middleware",
    "name": "handle",
    "slash": false,
  },
  {
    "arity": 3,
    "hasRoute": true,
    "idx": 135,
    "kind": "middleware",
    "name": "handle",
    "slash": false,
  },
  {
    "arity": 3,
    "hasRoute": true,
    "idx": 136,
    "kind": "middleware",
    "name": "handle",
    "slash": false,
  },
  {
    "arity": 3,
    "hasRoute": true,
    "idx": 137,
    "kind": "middleware",
    "name": "handle",
    "slash": false,
  },
  {
    "arity": 3,
    "hasRoute": true,
    "idx": 138,
    "kind": "middleware",
    "name": "handle",
    "slash": false,
  },
  {
    "arity": 3,
    "hasRoute": true,
    "idx": 139,
    "kind": "middleware",
    "name": "handle",
    "slash": false,
  },
  {
    "arity": 3,
    "hasRoute": true,
    "idx": 140,
    "kind": "middleware",
    "name": "handle",
    "slash": false,
  },
  {
    "arity": 3,
    "hasRoute": true,
    "idx": 141,
    "kind": "middleware",
    "name": "handle",
    "slash": false,
  },
  {
    "arity": 3,
    "hasRoute": true,
    "idx": 142,
    "kind": "middleware",
    "name": "handle",
    "slash": false,
  },
  {
    "arity": 3,
    "hasRoute": true,
    "idx": 143,
    "kind": "middleware",
    "name": "handle",
    "slash": false,
  },
  {
    "arity": 3,
    "hasRoute": true,
    "idx": 144,
    "kind": "middleware",
    "name": "handle",
    "slash": false,
  },
  {
    "arity": 3,
    "hasRoute": true,
    "idx": 145,
    "kind": "middleware",
    "name": "handle",
    "slash": false,
  },
  {
    "arity": 3,
    "hasRoute": true,
    "idx": 146,
    "kind": "middleware",
    "name": "handle",
    "slash": false,
  },
  {
    "arity": 3,
    "hasRoute": true,
    "idx": 147,
    "kind": "middleware",
    "name": "handle",
    "slash": false,
  },
  {
    "arity": 3,
    "hasRoute": true,
    "idx": 148,
    "kind": "middleware",
    "name": "handle",
    "slash": false,
  },
  {
    "arity": 3,
    "hasRoute": true,
    "idx": 149,
    "kind": "middleware",
    "name": "handle",
    "slash": false,
  },
  {
    "arity": 3,
    "hasRoute": true,
    "idx": 150,
    "kind": "middleware",
    "name": "handle",
    "slash": false,
  },
  {
    "arity": 3,
    "hasRoute": true,
    "idx": 151,
    "kind": "middleware",
    "name": "handle",
    "slash": false,
  },
  {
    "arity": 3,
    "hasRoute": true,
    "idx": 152,
    "kind": "middleware",
    "name": "handle",
    "slash": false,
  },
  {
    "arity": 3,
    "hasRoute": true,
    "idx": 153,
    "kind": "middleware",
    "name": "handle",
    "slash": false,
  },
  {
    "arity": 3,
    "hasRoute": true,
    "idx": 154,
    "kind": "middleware",
    "name": "handle",
    "slash": false,
  },
  {
    "arity": 3,
    "hasRoute": true,
    "idx": 155,
    "kind": "middleware",
    "name": "handle",
    "slash": false,
  },
  {
    "arity": 3,
    "hasRoute": true,
    "idx": 156,
    "kind": "middleware",
    "name": "handle",
    "slash": false,
  },
  {
    "arity": 3,
    "hasRoute": true,
    "idx": 157,
    "kind": "middleware",
    "name": "handle",
    "slash": false,
  },
  {
    "arity": 3,
    "hasRoute": true,
    "idx": 158,
    "kind": "middleware",
    "name": "handle",
    "slash": false,
  },
  {
    "arity": 3,
    "hasRoute": true,
    "idx": 159,
    "kind": "middleware",
    "name": "handle",
    "slash": false,
  },
  {
    "arity": 3,
    "hasRoute": true,
    "idx": 160,
    "kind": "middleware",
    "name": "handle",
    "slash": false,
  },
  {
    "arity": 3,
    "hasRoute": true,
    "idx": 161,
    "kind": "middleware",
    "name": "handle",
    "slash": false,
  },
  {
    "arity": 3,
    "hasRoute": true,
    "idx": 162,
    "kind": "middleware",
    "name": "handle",
    "slash": false,
  },
  {
    "arity": 3,
    "hasRoute": true,
    "idx": 163,
    "kind": "middleware",
    "name": "handle",
    "slash": false,
  },
  {
    "arity": 3,
    "hasRoute": true,
    "idx": 164,
    "kind": "middleware",
    "name": "handle",
    "slash": false,
  },
  {
    "arity": 3,
    "hasRoute": true,
    "idx": 165,
    "kind": "middleware",
    "name": "handle",
    "slash": false,
  },
  {
    "arity": 3,
    "hasRoute": true,
    "idx": 166,
    "kind": "middleware",
    "name": "handle",
    "slash": false,
  },
  {
    "arity": 3,
    "hasRoute": true,
    "idx": 167,
    "kind": "middleware",
    "name": "handle",
    "slash": false,
  },
  {
    "arity": 3,
    "hasRoute": true,
    "idx": 168,
    "kind": "middleware",
    "name": "handle",
    "slash": false,
  },
  {
    "arity": 3,
    "hasRoute": true,
    "idx": 169,
    "kind": "middleware",
    "name": "handle",
    "slash": false,
  },
  {
    "arity": 3,
    "hasRoute": true,
    "idx": 170,
    "kind": "middleware",
    "name": "handle",
    "slash": false,
  },
  {
    "arity": 3,
    "hasRoute": true,
    "idx": 171,
    "kind": "middleware",
    "name": "handle",
    "slash": false,
  },
  {
    "arity": 3,
    "hasRoute": true,
    "idx": 172,
    "kind": "middleware",
    "name": "handle",
    "slash": false,
  },
  {
    "arity": 3,
    "hasRoute": true,
    "idx": 173,
    "kind": "middleware",
    "name": "handle",
    "slash": false,
  },
  {
    "arity": 3,
    "hasRoute": true,
    "idx": 174,
    "kind": "middleware",
    "name": "handle",
    "slash": false,
  },
  {
    "arity": 3,
    "hasRoute": true,
    "idx": 175,
    "kind": "middleware",
    "name": "handle",
    "slash": false,
  },
  {
    "arity": 3,
    "hasRoute": true,
    "idx": 176,
    "kind": "middleware",
    "name": "handle",
    "slash": false,
  },
  {
    "arity": 3,
    "hasRoute": true,
    "idx": 177,
    "kind": "middleware",
    "name": "handle",
    "slash": false,
  },
  {
    "arity": 3,
    "hasRoute": true,
    "idx": 178,
    "kind": "middleware",
    "name": "handle",
    "slash": false,
  },
  {
    "arity": 3,
    "hasRoute": false,
    "idx": 179,
    "kind": "middleware",
    "name": "authenticate",
    "slash": false,
  },
  {
    "arity": 3,
    "hasRoute": false,
    "idx": 180,
    "kind": "router",
    "name": "router",
    "slash": false,
  },
  {
    "arity": 3,
    "hasRoute": true,
    "idx": 181,
    "kind": "middleware",
    "name": "handle",
    "slash": false,
  },
  {
    "arity": 3,
    "hasRoute": true,
    "idx": 182,
    "kind": "middleware",
    "name": "handle",
    "slash": false,
  },
  {
    "arity": 3,
    "hasRoute": true,
    "idx": 183,
    "kind": "middleware",
    "name": "handle",
    "slash": false,
  },
  {
    "arity": 3,
    "hasRoute": true,
    "idx": 184,
    "kind": "middleware",
    "name": "handle",
    "slash": false,
  },
  {
    "arity": 3,
    "hasRoute": true,
    "idx": 185,
    "kind": "middleware",
    "name": "handle",
    "slash": false,
  },
  {
    "arity": 3,
    "hasRoute": true,
    "idx": 186,
    "kind": "middleware",
    "name": "handle",
    "slash": false,
  },
  {
    "arity": 3,
    "hasRoute": true,
    "idx": 187,
    "kind": "middleware",
    "name": "handle",
    "slash": false,
  },
  {
    "arity": 3,
    "hasRoute": true,
    "idx": 188,
    "kind": "middleware",
    "name": "handle",
    "slash": false,
  },
  {
    "arity": 3,
    "hasRoute": true,
    "idx": 189,
    "kind": "middleware",
    "name": "handle",
    "slash": false,
  },
  {
    "arity": 3,
    "hasRoute": true,
    "idx": 190,
    "kind": "middleware",
    "name": "handle",
    "slash": false,
  },
  {
    "arity": 3,
    "hasRoute": true,
    "idx": 191,
    "kind": "middleware",
    "name": "handle",
    "slash": false,
  },
  {
    "arity": 3,
    "hasRoute": true,
    "idx": 192,
    "kind": "middleware",
    "name": "handle",
    "slash": false,
  },
  {
    "arity": 3,
    "hasRoute": true,
    "idx": 193,
    "kind": "middleware",
    "name": "handle",
    "slash": false,
  },
  {
    "arity": 3,
    "hasRoute": true,
    "idx": 194,
    "kind": "middleware",
    "name": "handle",
    "slash": false,
  },
  {
    "arity": 3,
    "hasRoute": true,
    "idx": 195,
    "kind": "middleware",
    "name": "handle",
    "slash": false,
  },
  {
    "arity": 3,
    "hasRoute": true,
    "idx": 196,
    "kind": "middleware",
    "name": "handle",
    "slash": false,
  },
  {
    "arity": 3,
    "hasRoute": true,
    "idx": 197,
    "kind": "middleware",
    "name": "handle",
    "slash": false,
  },
  {
    "arity": 3,
    "hasRoute": true,
    "idx": 198,
    "kind": "middleware",
    "name": "handle",
    "slash": false,
  },
  {
    "arity": 3,
    "hasRoute": true,
    "idx": 199,
    "kind": "middleware",
    "name": "handle",
    "slash": false,
  },
  {
    "arity": 3,
    "hasRoute": true,
    "idx": 200,
    "kind": "middleware",
    "name": "handle",
    "slash": false,
  },
  {
    "arity": 3,
    "hasRoute": true,
    "idx": 201,
    "kind": "middleware",
    "name": "handle",
    "slash": false,
  },
  {
    "arity": 3,
    "hasRoute": true,
    "idx": 202,
    "kind": "middleware",
    "name": "handle",
    "slash": false,
  },
  {
    "arity": 3,
    "hasRoute": true,
    "idx": 203,
    "kind": "middleware",
    "name": "handle",
    "slash": false,
  },
  {
    "arity": 3,
    "hasRoute": true,
    "idx": 204,
    "kind": "middleware",
    "name": "handle",
    "slash": false,
  },
  {
    "arity": 3,
    "hasRoute": true,
    "idx": 205,
    "kind": "middleware",
    "name": "handle",
    "slash": false,
  },
  {
    "arity": 3,
    "hasRoute": true,
    "idx": 206,
    "kind": "middleware",
    "name": "handle",
    "slash": false,
  },
  {
    "arity": 3,
    "hasRoute": true,
    "idx": 207,
    "kind": "middleware",
    "name": "handle",
    "slash": false,
  },
  {
    "arity": 3,
    "hasRoute": true,
    "idx": 208,
    "kind": "middleware",
    "name": "handle",
    "slash": false,
  },
  {
    "arity": 3,
    "hasRoute": true,
    "idx": 209,
    "kind": "middleware",
    "name": "handle",
    "slash": false,
  },
  {
    "arity": 3,
    "hasRoute": true,
    "idx": 210,
    "kind": "middleware",
    "name": "handle",
    "slash": false,
  },
  {
    "arity": 3,
    "hasRoute": true,
    "idx": 211,
    "kind": "middleware",
    "name": "handle",
    "slash": false,
  },
  {
    "arity": 3,
    "hasRoute": true,
    "idx": 212,
    "kind": "middleware",
    "name": "handle",
    "slash": false,
  },
  {
    "arity": 3,
    "hasRoute": true,
    "idx": 213,
    "kind": "middleware",
    "name": "handle",
    "slash": false,
  },
  {
    "arity": 3,
    "hasRoute": true,
    "idx": 214,
    "kind": "middleware",
    "name": "handle",
    "slash": false,
  },
  {
    "arity": 3,
    "hasRoute": true,
    "idx": 215,
    "kind": "middleware",
    "name": "handle",
    "slash": false,
  },
  {
    "arity": 3,
    "hasRoute": true,
    "idx": 216,
    "kind": "middleware",
    "name": "handle",
    "slash": false,
  },
  {
    "arity": 3,
    "hasRoute": true,
    "idx": 217,
    "kind": "middleware",
    "name": "handle",
    "slash": false,
  },
  {
    "arity": 3,
    "hasRoute": true,
    "idx": 218,
    "kind": "middleware",
    "name": "handle",
    "slash": false,
  },
  {
    "arity": 3,
    "hasRoute": true,
    "idx": 219,
    "kind": "middleware",
    "name": "handle",
    "slash": false,
  },
  {
    "arity": 3,
    "hasRoute": true,
    "idx": 220,
    "kind": "middleware",
    "name": "handle",
    "slash": false,
  },
  {
    "arity": 3,
    "hasRoute": true,
    "idx": 221,
    "kind": "middleware",
    "name": "handle",
    "slash": false,
  },
  {
    "arity": 3,
    "hasRoute": true,
    "idx": 222,
    "kind": "middleware",
    "name": "handle",
    "slash": false,
  },
  {
    "arity": 3,
    "hasRoute": true,
    "idx": 223,
    "kind": "middleware",
    "name": "handle",
    "slash": false,
  },
  {
    "arity": 3,
    "hasRoute": true,
    "idx": 224,
    "kind": "middleware",
    "name": "handle",
    "slash": false,
  },
  {
    "arity": 3,
    "hasRoute": true,
    "idx": 225,
    "kind": "middleware",
    "name": "handle",
    "slash": false,
  },
  {
    "arity": 3,
    "hasRoute": true,
    "idx": 226,
    "kind": "middleware",
    "name": "handle",
    "slash": false,
  },
  {
    "arity": 3,
    "hasRoute": true,
    "idx": 227,
    "kind": "middleware",
    "name": "handle",
    "slash": false,
  },
  {
    "arity": 3,
    "hasRoute": true,
    "idx": 228,
    "kind": "middleware",
    "name": "handle",
    "slash": false,
  },
  {
    "arity": 3,
    "hasRoute": true,
    "idx": 229,
    "kind": "middleware",
    "name": "handle",
    "slash": false,
  },
  {
    "arity": 3,
    "hasRoute": true,
    "idx": 230,
    "kind": "middleware",
    "name": "handle",
    "slash": false,
  },
  {
    "arity": 3,
    "hasRoute": true,
    "idx": 231,
    "kind": "middleware",
    "name": "handle",
    "slash": false,
  },
  {
    "arity": 3,
    "hasRoute": true,
    "idx": 232,
    "kind": "middleware",
    "name": "handle",
    "slash": false,
  },
  {
    "arity": 3,
    "hasRoute": true,
    "idx": 233,
    "kind": "middleware",
    "name": "handle",
    "slash": false,
  },
  {
    "arity": 3,
    "hasRoute": true,
    "idx": 234,
    "kind": "middleware",
    "name": "handle",
    "slash": false,
  },
  {
    "arity": 3,
    "hasRoute": true,
    "idx": 235,
    "kind": "middleware",
    "name": "handle",
    "slash": false,
  },
  {
    "arity": 3,
    "hasRoute": true,
    "idx": 236,
    "kind": "middleware",
    "name": "handle",
    "slash": false,
  },
  {
    "arity": 3,
    "hasRoute": true,
    "idx": 237,
    "kind": "middleware",
    "name": "handle",
    "slash": false,
  },
  {
    "arity": 3,
    "hasRoute": true,
    "idx": 238,
    "kind": "middleware",
    "name": "handle",
    "slash": false,
  },
  {
    "arity": 3,
    "hasRoute": true,
    "idx": 239,
    "kind": "middleware",
    "name": "handle",
    "slash": false,
  },
  {
    "arity": 3,
    "hasRoute": true,
    "idx": 240,
    "kind": "middleware",
    "name": "handle",
    "slash": false,
  },
  {
    "arity": 3,
    "hasRoute": true,
    "idx": 241,
    "kind": "middleware",
    "name": "handle",
    "slash": false,
  },
  {
    "arity": 3,
    "hasRoute": true,
    "idx": 242,
    "kind": "middleware",
    "name": "handle",
    "slash": false,
  },
  {
    "arity": 3,
    "hasRoute": true,
    "idx": 243,
    "kind": "middleware",
    "name": "handle",
    "slash": false,
  },
  {
    "arity": 3,
    "hasRoute": true,
    "idx": 244,
    "kind": "middleware",
    "name": "handle",
    "slash": false,
  },
  {
    "arity": 3,
    "hasRoute": true,
    "idx": 245,
    "kind": "middleware",
    "name": "handle",
    "slash": false,
  },
  {
    "arity": 3,
    "hasRoute": true,
    "idx": 246,
    "kind": "middleware",
    "name": "handle",
    "slash": false,
  },
  {
    "arity": 3,
    "hasRoute": true,
    "idx": 247,
    "kind": "middleware",
    "name": "handle",
    "slash": false,
  },
  {
    "arity": 3,
    "hasRoute": true,
    "idx": 248,
    "kind": "middleware",
    "name": "handle",
    "slash": false,
  },
  {
    "arity": 3,
    "hasRoute": true,
    "idx": 249,
    "kind": "middleware",
    "name": "handle",
    "slash": false,
  },
  {
    "arity": 3,
    "hasRoute": true,
    "idx": 250,
    "kind": "middleware",
    "name": "handle",
    "slash": false,
  },
  {
    "arity": 3,
    "hasRoute": true,
    "idx": 251,
    "kind": "middleware",
    "name": "handle",
    "slash": false,
  },
  {
    "arity": 3,
    "hasRoute": true,
    "idx": 252,
    "kind": "middleware",
    "name": "handle",
    "slash": false,
  },
  {
    "arity": 3,
    "hasRoute": true,
    "idx": 253,
    "kind": "middleware",
    "name": "handle",
    "slash": false,
  },
  {
    "arity": 3,
    "hasRoute": true,
    "idx": 254,
    "kind": "middleware",
    "name": "handle",
    "slash": false,
  },
  {
    "arity": 3,
    "hasRoute": true,
    "idx": 255,
    "kind": "middleware",
    "name": "handle",
    "slash": false,
  },
  {
    "arity": 3,
    "hasRoute": true,
    "idx": 256,
    "kind": "middleware",
    "name": "handle",
    "slash": false,
  },
  {
    "arity": 3,
    "hasRoute": true,
    "idx": 257,
    "kind": "middleware",
    "name": "handle",
    "slash": false,
  },
  {
    "arity": 3,
    "hasRoute": true,
    "idx": 258,
    "kind": "middleware",
    "name": "handle",
    "slash": false,
  },
  {
    "arity": 3,
    "hasRoute": true,
    "idx": 259,
    "kind": "middleware",
    "name": "handle",
    "slash": false,
  },
  {
    "arity": 3,
    "hasRoute": true,
    "idx": 260,
    "kind": "middleware",
    "name": "handle",
    "slash": false,
  },
  {
    "arity": 3,
    "hasRoute": true,
    "idx": 261,
    "kind": "middleware",
    "name": "handle",
    "slash": false,
  },
  {
    "arity": 3,
    "hasRoute": true,
    "idx": 262,
    "kind": "middleware",
    "name": "handle",
    "slash": false,
  },
  {
    "arity": 3,
    "hasRoute": true,
    "idx": 263,
    "kind": "middleware",
    "name": "handle",
    "slash": false,
  },
  {
    "arity": 3,
    "hasRoute": true,
    "idx": 264,
    "kind": "middleware",
    "name": "handle",
    "slash": false,
  },
  {
    "arity": 3,
    "hasRoute": false,
    "idx": 265,
    "kind": "middleware",
    "name": "<anonymous>",
    "slash": false,
  },
  {
    "arity": 3,
    "hasRoute": false,
    "idx": 266,
    "kind": "middleware",
    "name": "<anonymous>",
    "slash": false,
  },
  {
    "arity": 4,
    "hasRoute": false,
    "idx": 267,
    "kind": "middleware",
    "name": "<anonymous>",
    "slash": true,
  },
  {
    "arity": 3,
    "hasRoute": false,
    "idx": 268,
    "kind": "middleware",
    "name": "<anonymous>",
    "slash": true,
  },
  {
    "arity": 2,
    "hasRoute": false,
    "idx": 269,
    "kind": "middleware",
    "name": "<anonymous>",
    "slash": true,
  },
  {
    "arity": 4,
    "hasRoute": false,
    "idx": 270,
    "kind": "middleware",
    "name": "<anonymous>",
    "slash": true,
  },
]
`;
