// Jest Snapshot v1, https://jestjs.io/docs/snapshot-testing

exports[`[Cleanup Stage / G4.3] trust-proxy contract snapshot: app.set('trust proxy', …) source-line region: trust-proxy source-line region 1`] = `
"
const app = express();
app.set('trust proxy', 1);
const PORT = process.env.PORT || 4500;"
`;
